<?xml version="1.0" encoding="UTF-8"?>
<testsuites>
  <testsuite name="/var/www/phpunit.xml" tests="93" assertions="515" errors="0" failures="0" skipped="0" time="47.360359">
    <testsuite name="Unit" tests="1" assertions="1" errors="0" failures="0" skipped="0" time="0.246819">
      <testsuite name="Tests\Unit\ExampleTest" file="Example (Tests\Unit\Example)" tests="1" assertions="1" errors="0" failures="0" skipped="0" time="0.246819">
        <testcase name="That true is true" file="Example (Tests\Unit\Example)::That true is true" class="Tests\Unit\ExampleTest" classname="Tests.Unit.ExampleTest" assertions="1" time="0.246819"/>
      </testsuite>
    </testsuite>
    <testsuite name="Feature" tests="92" assertions="514" errors="0" failures="0" skipped="0" time="47.113540">
      <testsuite name="Tests\Feature\AdminAuthControllerTest" file="tests/Feature/AdminAuthControllerTest.php" tests="5" assertions="16" errors="0" failures="0" skipped="0" time="17.730134">
        <testcase name="admin pode realizar login com credenciais válidas" file="tests/Feature/AdminAuthControllerTest.php::admin pode realizar login com credenciais válidas" class="Tests\Feature\AdminAuthControllerTest" classname="Tests.Feature.AdminAuthControllerTest" assertions="6" time="16.083619"/>
        <testcase name="login falha com credenciais inválidas" file="tests/Feature/AdminAuthControllerTest.php::login falha com credenciais inválidas" class="Tests\Feature\AdminAuthControllerTest" classname="Tests.Feature.AdminAuthControllerTest" assertions="2" time="0.593987"/>
        <testcase name="validação de campos de login falha com dados ausentes" file="tests/Feature/AdminAuthControllerTest.php::validação de campos de login falha com dados ausentes" class="Tests\Feature\AdminAuthControllerTest" classname="Tests.Feature.AdminAuthControllerTest" assertions="4" time="0.390998"/>
        <testcase name="admin pode realizar logout com sucesso" file="tests/Feature/AdminAuthControllerTest.php::admin pode realizar logout com sucesso" class="Tests\Feature\AdminAuthControllerTest" classname="Tests.Feature.AdminAuthControllerTest" assertions="2" time="0.428475"/>
        <testcase name="logout falha se o admin não estiver autenticado" file="tests/Feature/AdminAuthControllerTest.php::logout falha se o admin não estiver autenticado" class="Tests\Feature\AdminAuthControllerTest" classname="Tests.Feature.AdminAuthControllerTest" assertions="2" time="0.233054"/>
      </testsuite>
      <testsuite name="Tests\Feature\AdminOrderControllerTest" file="tests/Feature/AdminOrderControllerTest.php" tests="15" assertions="93" errors="0" failures="0" skipped="0" time="5.424785">
        <testcase name="it retorna a lista de categorias com contagem de produtos" file="tests/Feature/AdminOrderControllerTest.php::it retorna a lista de categorias com contagem de produtos" class="Tests\Feature\AdminOrderControllerTest" classname="Tests.Feature.AdminOrderControllerTest" assertions="42" time="0.370131"/>
        <testcase name="it cria uma categoria com sucesso" file="tests/Feature/AdminOrderControllerTest.php::it cria uma categoria com sucesso" class="Tests\Feature\AdminOrderControllerTest" classname="Tests.Feature.AdminOrderControllerTest" assertions="2" time="0.297427"/>
        <testcase name="it retorna erro ao tentar criar uma categoria duplicada" file="tests/Feature/AdminOrderControllerTest.php::it retorna erro ao tentar criar uma categoria duplicada" class="Tests\Feature\AdminOrderControllerTest" classname="Tests.Feature.AdminOrderControllerTest" assertions="2" time="0.326925"/>
        <testcase name="it retorna uma categoria específica por ID" file="tests/Feature/AdminOrderControllerTest.php::it retorna uma categoria específica por ID" class="Tests\Feature\AdminOrderControllerTest" classname="Tests.Feature.AdminOrderControllerTest" assertions="3" time="0.348151"/>
        <testcase name="it retorna erro ao tentar procurar uma categoria inexistente" file="tests/Feature/AdminOrderControllerTest.php::it retorna erro ao tentar procurar uma categoria inexistente" class="Tests\Feature\AdminOrderControllerTest" classname="Tests.Feature.AdminOrderControllerTest" assertions="2" time="0.276643"/>
        <testcase name="it atualiza uma categoria com sucesso" file="tests/Feature/AdminOrderControllerTest.php::it atualiza uma categoria com sucesso" class="Tests\Feature\AdminOrderControllerTest" classname="Tests.Feature.AdminOrderControllerTest" assertions="2" time="0.659155"/>
        <testcase name="it elimina uma categoria existente com sucesso" file="tests/Feature/AdminOrderControllerTest.php::it elimina uma categoria existente com sucesso" class="Tests\Feature\AdminOrderControllerTest" classname="Tests.Feature.AdminOrderControllerTest" assertions="2" time="0.359612"/>
        <testcase name="it retorna erro ao tentar eliminar uma categoria inexistente" file="tests/Feature/AdminOrderControllerTest.php::it retorna erro ao tentar eliminar uma categoria inexistente" class="Tests\Feature\AdminOrderControllerTest" classname="Tests.Feature.AdminOrderControllerTest" assertions="2" time="0.307709"/>
        <testcase name="it retorna estatísticas do dashboard" file="tests/Feature/AdminOrderControllerTest.php::it retorna estatísticas do dashboard" class="Tests\Feature\AdminOrderControllerTest" classname="Tests.Feature.AdminOrderControllerTest" assertions="8" time="0.591848"/>
        <testcase name="it retorna produtos vendidos por categoria" file="tests/Feature/AdminOrderControllerTest.php::it retorna produtos vendidos por categoria" class="Tests\Feature\AdminOrderControllerTest" classname="Tests.Feature.AdminOrderControllerTest" assertions="3" time="0.308546"/>
        <testcase name="it retorna vendas mensais agrupadas por dia" file="tests/Feature/AdminOrderControllerTest.php::it retorna vendas mensais agrupadas por dia" class="Tests\Feature\AdminOrderControllerTest" classname="Tests.Feature.AdminOrderControllerTest" assertions="5" time="0.309222"/>
        <testcase name="it retorna dados de plantas por dia" file="tests/Feature/AdminOrderControllerTest.php::it retorna dados de plantas por dia" class="Tests\Feature\AdminOrderControllerTest" classname="Tests.Feature.AdminOrderControllerTest" assertions="8" time="0.321141"/>
        <testcase name="it retorna todos os tickets de suporte" file="tests/Feature/AdminOrderControllerTest.php::it retorna todos os tickets de suporte" class="Tests\Feature\AdminOrderControllerTest" classname="Tests.Feature.AdminOrderControllerTest" assertions="7" time="0.290476"/>
        <testcase name="it atualiza um ticket de suporte com sucesso" file="tests/Feature/AdminOrderControllerTest.php::it atualiza um ticket de suporte com sucesso" class="Tests\Feature\AdminOrderControllerTest" classname="Tests.Feature.AdminOrderControllerTest" assertions="3" time="0.345617"/>
        <testcase name="it deleta um ticket de suporte com sucesso" file="tests/Feature/AdminOrderControllerTest.php::it deleta um ticket de suporte com sucesso" class="Tests\Feature\AdminOrderControllerTest" classname="Tests.Feature.AdminOrderControllerTest" assertions="2" time="0.312182"/>
      </testsuite>
      <testsuite name="Tests\Feature\AuthControllerTest" file="tests/Feature/AuthControllerTest.php" tests="5" assertions="16" errors="0" failures="0" skipped="0" time="2.051675">
        <testcase name="it regista um novo usuário com sucesso" file="tests/Feature/AuthControllerTest.php::it regista um novo usuário com sucesso" class="Tests\Feature\AuthControllerTest" classname="Tests.Feature.AuthControllerTest" assertions="4" time="0.632560"/>
        <testcase name="it retorna erro ao tentar registrar com email duplicado" file="tests/Feature/AuthControllerTest.php::it retorna erro ao tentar registrar com email duplicado" class="Tests\Feature\AuthControllerTest" classname="Tests.Feature.AuthControllerTest" assertions="2" time="0.377587"/>
        <testcase name="it realiza login com credenciais válidas" file="tests/Feature/AuthControllerTest.php::it realiza login com credenciais válidas" class="Tests\Feature\AuthControllerTest" classname="Tests.Feature.AuthControllerTest" assertions="6" time="0.340521"/>
        <testcase name="it retorna erro ao realizar login com credenciais inválidas" file="tests/Feature/AuthControllerTest.php::it retorna erro ao realizar login com credenciais inválidas" class="Tests\Feature\AuthControllerTest" classname="Tests.Feature.AuthControllerTest" assertions="2" time="0.437043"/>
        <testcase name="it realiza logout com sucesso" file="tests/Feature/AuthControllerTest.php::it realiza logout com sucesso" class="Tests\Feature\AuthControllerTest" classname="Tests.Feature.AuthControllerTest" assertions="2" time="0.263964"/>
      </testsuite>
      <testsuite name="Tests\Feature\BlogPostControllerTest" file="tests/Feature/BlogPostControllerTest.php" tests="7" assertions="66" errors="0" failures="0" skipped="0" time="2.414248">
        <testcase name="it retorna uma lista de posts" file="tests/Feature/BlogPostControllerTest.php::it retorna uma lista de posts" class="Tests\Feature\BlogPostControllerTest" classname="Tests.Feature.BlogPostControllerTest" assertions="41" time="0.354724"/>
        <testcase name="it retorna detalhes de um post específico" file="tests/Feature/BlogPostControllerTest.php::it retorna detalhes de um post específico" class="Tests\Feature\BlogPostControllerTest" classname="Tests.Feature.BlogPostControllerTest" assertions="14" time="0.352899"/>
        <testcase name="it retorna erro ao buscar post inexistente" file="tests/Feature/BlogPostControllerTest.php::it retorna erro ao buscar post inexistente" class="Tests\Feature\BlogPostControllerTest" classname="Tests.Feature.BlogPostControllerTest" assertions="2" time="0.317913"/>
        <testcase name="it retorna erro ao criar post sem autenticação" file="tests/Feature/BlogPostControllerTest.php::it retorna erro ao criar post sem autenticação" class="Tests\Feature\BlogPostControllerTest" classname="Tests.Feature.BlogPostControllerTest" assertions="2" time="0.372326"/>
        <testcase name="it retorna erro ao atualizar post inexistente" file="tests/Feature/BlogPostControllerTest.php::it retorna erro ao atualizar post inexistente" class="Tests\Feature\BlogPostControllerTest" classname="Tests.Feature.BlogPostControllerTest" assertions="2" time="0.328865"/>
        <testcase name="it exclui um post existente com sucesso" file="tests/Feature/BlogPostControllerTest.php::it exclui um post existente com sucesso" class="Tests\Feature\BlogPostControllerTest" classname="Tests.Feature.BlogPostControllerTest" assertions="3" time="0.360992"/>
        <testcase name="it retorna erro ao excluir post inexistente" file="tests/Feature/BlogPostControllerTest.php::it retorna erro ao excluir post inexistente" class="Tests\Feature\BlogPostControllerTest" classname="Tests.Feature.BlogPostControllerTest" assertions="2" time="0.326529"/>
      </testsuite>
      <testsuite name="Tests\Feature\CommentControllerTest" file="tests/Feature/CommentControllerTest.php" tests="2" assertions="21" errors="0" failures="0" skipped="0" time="0.631189">
        <testcase name="it cria um novo comentário com sucesso" file="tests/Feature/CommentControllerTest.php::it cria um novo comentário com sucesso" class="Tests\Feature\CommentControllerTest" classname="Tests.Feature.CommentControllerTest" assertions="3" time="0.298144"/>
        <testcase name="it retorna os comentários de um post com sucesso" file="tests/Feature/CommentControllerTest.php::it retorna os comentários de um post com sucesso" class="Tests\Feature\CommentControllerTest" classname="Tests.Feature.CommentControllerTest" assertions="18" time="0.333045"/>
      </testsuite>
      <testsuite name="Tests\Feature\ContactControllerTest" file="tests/Feature/ContactControllerTest.php" tests="3" assertions="9" errors="0" failures="0" skipped="0" time="0.748643">
        <testcase name="it cria um ticket de suporte com sucesso" file="tests/Feature/ContactControllerTest.php::it cria um ticket de suporte com sucesso" class="Tests\Feature\ContactControllerTest" classname="Tests.Feature.ContactControllerTest" assertions="3" time="0.266896"/>
        <testcase name="it retorna erro ao tentar criar ticket sem estar autenticado" file="tests/Feature/ContactControllerTest.php::it retorna erro ao tentar criar ticket sem estar autenticado" class="Tests\Feature\ContactControllerTest" classname="Tests.Feature.ContactControllerTest" assertions="2" time="0.225875"/>
        <testcase name="it retorna erro ao criar ticket com dados inválidos" file="tests/Feature/ContactControllerTest.php::it retorna erro ao criar ticket com dados inválidos" class="Tests\Feature\ContactControllerTest" classname="Tests.Feature.ContactControllerTest" assertions="4" time="0.255872"/>
      </testsuite>
      <testsuite name="Tests\Feature\DashboardPlantControllerTest" file="tests/Feature/DashboardPlantControllerTest.php" tests="3" assertions="16" errors="0" failures="0" skipped="0" time="0.992707">
        <testcase name="it retorna as plantas associadas ao utilizador" file="tests/Feature/DashboardPlantControllerTest.php::it retorna as plantas associadas ao utilizador" class="Tests\Feature\DashboardPlantControllerTest" classname="Tests.Feature.DashboardPlantControllerTest" assertions="1" time="0.299440"/>
        <testcase name="it can get user plants with kits" file="tests/Feature/DashboardPlantControllerTest.php::it can get user plants with kits" class="Tests\Feature\DashboardPlantControllerTest" classname="Tests.Feature.DashboardPlantControllerTest" assertions="14" time="0.323053"/>
        <testcase name="it returns 404 if plant not found by ID" file="tests/Feature/DashboardPlantControllerTest.php::it returns 404 if plant not found by ID" class="Tests\Feature\DashboardPlantControllerTest" classname="Tests.Feature.DashboardPlantControllerTest" assertions="1" time="0.370214"/>
      </testsuite>
      <testsuite name="Tests\Feature\ExampleTest" file="Example (Tests\Feature\Example)" tests="1" assertions="1" errors="0" failures="0" skipped="0" time="1.118773">
        <testcase name="The application returns a successful response" file="Example (Tests\Feature\Example)::The application returns a successful response" class="Tests\Feature\ExampleTest" classname="Tests.Feature.ExampleTest" assertions="1" time="1.118773"/>
      </testsuite>
      <testsuite name="Tests\Feature\LocationControllerTest" file="tests/Feature/LocationControllerTest.php" tests="8" assertions="20" errors="0" failures="0" skipped="0" time="1.986677">
        <testcase name="it can get all locations" file="tests/Feature/LocationControllerTest.php::it can get all locations" class="Tests\Feature\LocationControllerTest" classname="Tests.Feature.LocationControllerTest" assertions="3" time="0.379464"/>
        <testcase name="it can show a specific location" file="tests/Feature/LocationControllerTest.php::it can show a specific location" class="Tests\Feature\LocationControllerTest" classname="Tests.Feature.LocationControllerTest" assertions="2" time="0.230731"/>
        <testcase name="it returns 404 when trying to show a non-existent location" file="tests/Feature/LocationControllerTest.php::it returns 404 when trying to show a non-existent location" class="Tests\Feature\LocationControllerTest" classname="Tests.Feature.LocationControllerTest" assertions="2" time="0.213557"/>
        <testcase name="it can store a new location" file="tests/Feature/LocationControllerTest.php::it can store a new location" class="Tests\Feature\LocationControllerTest" classname="Tests.Feature.LocationControllerTest" assertions="3" time="0.233313"/>
        <testcase name="it can update an existing location" file="tests/Feature/LocationControllerTest.php::it can update an existing location" class="Tests\Feature\LocationControllerTest" classname="Tests.Feature.LocationControllerTest" assertions="3" time="0.248060"/>
        <testcase name="it returns 404 when trying to update a non-existent location" file="tests/Feature/LocationControllerTest.php::it returns 404 when trying to update a non-existent location" class="Tests\Feature\LocationControllerTest" classname="Tests.Feature.LocationControllerTest" assertions="2" time="0.277798"/>
        <testcase name="it can delete an existing location" file="tests/Feature/LocationControllerTest.php::it can delete an existing location" class="Tests\Feature\LocationControllerTest" classname="Tests.Feature.LocationControllerTest" assertions="3" time="0.198829"/>
        <testcase name="it returns 404 when trying to delete a non-existent location" file="tests/Feature/LocationControllerTest.php::it returns 404 when trying to delete a non-existent location" class="Tests\Feature\LocationControllerTest" classname="Tests.Feature.LocationControllerTest" assertions="2" time="0.204926"/>
      </testsuite>
      <testsuite name="Tests\Feature\NotificationControllerTest" file="tests/Feature/NotificationControllerTest.php" tests="5" assertions="11" errors="0" failures="0" skipped="0" time="1.666032">
        <testcase name="it returns notifications for authenticated user" file="tests/Feature/NotificationControllerTest.php::it returns notifications for authenticated user" class="Tests\Feature\NotificationControllerTest" classname="Tests.Feature.NotificationControllerTest" assertions="1" time="0.239758"/>
        <testcase name="it returns 401 when user is not authenticated" file="tests/Feature/NotificationControllerTest.php::it returns 401 when user is not authenticated" class="Tests\Feature\NotificationControllerTest" classname="Tests.Feature.NotificationControllerTest" assertions="2" time="0.354495"/>
        <testcase name="it returns 401 when non-admin user tries to access admin notifications" file="tests/Feature/NotificationControllerTest.php::it returns 401 when non-admin user tries to access admin notifications" class="Tests\Feature\NotificationControllerTest" classname="Tests.Feature.NotificationControllerTest" assertions="2" time="0.347725"/>
        <testcase name="it returns notifications for specific user" file="tests/Feature/NotificationControllerTest.php::it returns notifications for specific user" class="Tests\Feature\NotificationControllerTest" classname="Tests.Feature.NotificationControllerTest" assertions="3" time="0.357450"/>
        <testcase name="it marks notification as read" file="tests/Feature/NotificationControllerTest.php::it marks notification as read" class="Tests\Feature\NotificationControllerTest" classname="Tests.Feature.NotificationControllerTest" assertions="3" time="0.366604"/>
      </testsuite>
      <testsuite name="Tests\Feature\OrderControllerTest" file="tests/Feature/OrderControllerTest.php" tests="4" assertions="21" errors="0" failures="0" skipped="0" time="1.250929">
        <testcase name="it creates a new order successfully" file="tests/Feature/OrderControllerTest.php::it creates a new order successfully" class="Tests\Feature\OrderControllerTest" classname="Tests.Feature.OrderControllerTest" assertions="5" time="0.387288"/>
        <testcase name="it updates order status successfully" file="tests/Feature/OrderControllerTest.php::it updates order status successfully" class="Tests\Feature\OrderControllerTest" classname="Tests.Feature.OrderControllerTest" assertions="3" time="0.349590"/>
        <testcase name="it returns purchase history for a user" file="tests/Feature/OrderControllerTest.php::it returns purchase history for a user" class="Tests\Feature\OrderControllerTest" classname="Tests.Feature.OrderControllerTest" assertions="12" time="0.250866"/>
        <testcase name="it returns 404 when trying to update status of non-existent order" file="tests/Feature/OrderControllerTest.php::it returns 404 when trying to update status of non-existent order" class="Tests\Feature\OrderControllerTest" classname="Tests.Feature.OrderControllerTest" assertions="1" time="0.263186"/>
      </testsuite>
      <testsuite name="Tests\Feature\PlantInformacaoControllerTest" file="tests/Feature/PlantInformacaoControllerTest.php" tests="3" assertions="5" errors="0" failures="0" skipped="0" time="0.975358">
        <testcase name="it returns plant information for a specific user plant when user_plant_id is provided" file="tests/Feature/PlantInformacaoControllerTest.php::it returns plant information for a specific user plant when user_plant_id is provided" class="Tests\Feature\PlantInformacaoControllerTest" classname="Tests.Feature.PlantInformacaoControllerTest" assertions="1" time="0.296887"/>
        <testcase name="it returns 404 when plant is not found with the provided user_plant_id" file="tests/Feature/PlantInformacaoControllerTest.php::it returns 404 when plant is not found with the provided user_plant_id" class="Tests\Feature\PlantInformacaoControllerTest" classname="Tests.Feature.PlantInformacaoControllerTest" assertions="1" time="0.322599"/>
        <testcase name="it returns all user plants if no user_plant_id is provided" file="tests/Feature/PlantInformacaoControllerTest.php::it returns all user plants if no user_plant_id is provided" class="Tests\Feature\PlantInformacaoControllerTest" classname="Tests.Feature.PlantInformacaoControllerTest" assertions="3" time="0.355871"/>
      </testsuite>
      <testsuite name="Tests\Feature\PlantKitControllerTest" file="tests/Feature/PlantKitControllerTest.php" tests="2" assertions="8" errors="0" failures="0" skipped="0" time="0.705908">
        <testcase name="it checks if a kit code is available" file="tests/Feature/PlantKitControllerTest.php::it checks if a kit code is available" class="Tests\Feature\PlantKitControllerTest" classname="Tests.Feature.PlantKitControllerTest" assertions="4" time="0.319516"/>
        <testcase name="it updates the name of a kit" file="tests/Feature/PlantKitControllerTest.php::it updates the name of a kit" class="Tests\Feature\PlantKitControllerTest" classname="Tests.Feature.PlantKitControllerTest" assertions="4" time="0.386393"/>
      </testsuite>
      <testsuite name="Tests\Feature\ProductControllerTest" file="tests/Feature/ProductControllerTest.php" tests="8" assertions="156" errors="0" failures="0" skipped="0" time="2.171902">
        <testcase name="it retrieves the latest products" file="tests/Feature/ProductControllerTest.php::it retrieves the latest products" class="Tests\Feature\ProductControllerTest" classname="Tests.Feature.ProductControllerTest" assertions="28" time="0.314646"/>
        <testcase name="it retrieves the best-selling products" file="tests/Feature/ProductControllerTest.php::it retrieves the best-selling products" class="Tests\Feature\ProductControllerTest" classname="Tests.Feature.ProductControllerTest" assertions="28" time="0.316907"/>
        <testcase name="it retrieves popular products" file="tests/Feature/ProductControllerTest.php::it retrieves popular products" class="Tests\Feature\ProductControllerTest" classname="Tests.Feature.ProductControllerTest" assertions="28" time="0.300102"/>
        <testcase name="it retrieves filtered products with categories" file="tests/Feature/ProductControllerTest.php::it retrieves filtered products with categories" class="Tests\Feature\ProductControllerTest" classname="Tests.Feature.ProductControllerTest" assertions="58" time="0.232341"/>
        <testcase name="it retrieves a product by its ID" file="tests/Feature/ProductControllerTest.php::it retrieves a product by its ID" class="Tests\Feature\ProductControllerTest" classname="Tests.Feature.ProductControllerTest" assertions="2" time="0.222924"/>
        <testcase name="it deletes a product by its ID" file="tests/Feature/ProductControllerTest.php::it deletes a product by its ID" class="Tests\Feature\ProductControllerTest" classname="Tests.Feature.ProductControllerTest" assertions="3" time="0.183742"/>
        <testcase name="it creates a new product" file="tests/Feature/ProductControllerTest.php::it creates a new product" class="Tests\Feature\ProductControllerTest" classname="Tests.Feature.ProductControllerTest" assertions="3" time="0.307318"/>
        <testcase name="it updates a product" file="tests/Feature/ProductControllerTest.php::it updates a product" class="Tests\Feature\ProductControllerTest" classname="Tests.Feature.ProductControllerTest" assertions="6" time="0.293921"/>
      </testsuite>
      <testsuite name="Tests\Feature\QuizControllerTest" file="tests/Feature/QuizControllerTest.php" tests="3" assertions="7" errors="0" failures="0" skipped="0" time="1.718561">
        <testcase name="it submits quiz responses and retrieves compatible plants" file="tests/Feature/QuizControllerTest.php::it submits quiz responses and retrieves compatible plants" class="Tests\Feature\QuizControllerTest" classname="Tests.Feature.QuizControllerTest" assertions="2" time="1.000635"/>
        <testcase name="it returns an error when responses are invalid" file="tests/Feature/QuizControllerTest.php::it returns an error when responses are invalid" class="Tests\Feature\QuizControllerTest" classname="Tests.Feature.QuizControllerTest" assertions="3" time="0.341571"/>
        <testcase name="it returns an error when the external API fails" file="tests/Feature/QuizControllerTest.php::it returns an error when the external API fails" class="Tests\Feature\QuizControllerTest" classname="Tests.Feature.QuizControllerTest" assertions="2" time="0.376354"/>
      </testsuite>
      <testsuite name="Tests\Feature\UserControllerTest" file="tests/Feature/UserControllerTest.php" tests="9" assertions="26" errors="0" failures="0" skipped="0" time="2.842542">
        <testcase name="it updates the user profile with valid data" file="tests/Feature/UserControllerTest.php::it updates the user profile with valid data" class="Tests\Feature\UserControllerTest" classname="Tests.Feature.UserControllerTest" assertions="4" time="0.408443"/>
        <testcase name="it returns error when email is already taken" file="tests/Feature/UserControllerTest.php::it returns error when email is already taken" class="Tests\Feature\UserControllerTest" classname="Tests.Feature.UserControllerTest" assertions="3" time="0.409880"/>
        <testcase name="it returns error when password is too short" file="tests/Feature/UserControllerTest.php::it returns error when password is too short" class="Tests\Feature\UserControllerTest" classname="Tests.Feature.UserControllerTest" assertions="3" time="0.288359"/>
        <testcase name="it retrieves the authenticated user profile" file="tests/Feature/UserControllerTest.php::it retrieves the authenticated user profile" class="Tests\Feature\UserControllerTest" classname="Tests.Feature.UserControllerTest" assertions="3" time="0.240834"/>
        <testcase name="it returns error if user is not authenticated" file="tests/Feature/UserControllerTest.php::it returns error if user is not authenticated" class="Tests\Feature\UserControllerTest" classname="Tests.Feature.UserControllerTest" assertions="2" time="0.228196"/>
        <testcase name="it updates the newsletter subscription" file="tests/Feature/UserControllerTest.php::it updates the newsletter subscription" class="Tests\Feature\UserControllerTest" classname="Tests.Feature.UserControllerTest" assertions="3" time="0.245341"/>
        <testcase name="it returns error when invalid newsletter value is provided" file="tests/Feature/UserControllerTest.php::it returns error when invalid newsletter value is provided" class="Tests\Feature\UserControllerTest" classname="Tests.Feature.UserControllerTest" assertions="3" time="0.293252"/>
        <testcase name="it updates the user profile picture with a valid base64 image" file="tests/Feature/UserControllerTest.php::it updates the user profile picture with a valid base64 image" class="Tests\Feature\UserControllerTest" classname="Tests.Feature.UserControllerTest" assertions="3" time="0.391743"/>
        <testcase name="it returns error when the image format is invalid" file="tests/Feature/UserControllerTest.php::it returns error when the image format is invalid" class="Tests\Feature\UserControllerTest" classname="Tests.Feature.UserControllerTest" assertions="2" time="0.336493"/>
      </testsuite>
      <testsuite name="Tests\Feature\UserDetailsControllerTest" file="tests/Feature/UserDetailsControllerTest.php" tests="9" assertions="22" errors="0" failures="0" skipped="0" time="2.683478">
        <testcase name="it retrieves user details successfully" file="tests/Feature/UserDetailsControllerTest.php::it retrieves user details successfully" class="Tests\Feature\UserDetailsControllerTest" classname="Tests.Feature.UserDetailsControllerTest" assertions="2" time="0.379588"/>
        <testcase name="it returns error when user details are not found" file="tests/Feature/UserDetailsControllerTest.php::it returns error when user details are not found" class="Tests\Feature\UserDetailsControllerTest" classname="Tests.Feature.UserDetailsControllerTest" assertions="2" time="0.314989"/>
        <testcase name="it updates user details successfully" file="tests/Feature/UserDetailsControllerTest.php::it updates user details successfully" class="Tests\Feature\UserDetailsControllerTest" classname="Tests.Feature.UserDetailsControllerTest" assertions="4" time="0.346936"/>
        <testcase name="it returns error when username is already taken" file="tests/Feature/UserDetailsControllerTest.php::it returns error when username is already taken" class="Tests\Feature\UserDetailsControllerTest" classname="Tests.Feature.UserDetailsControllerTest" assertions="2" time="0.248798"/>
        <testcase name="it returns error when email is already taken" file="tests/Feature/UserDetailsControllerTest.php::it returns error when email is already taken" class="Tests\Feature\UserDetailsControllerTest" classname="Tests.Feature.UserDetailsControllerTest" assertions="2" time="0.235295"/>
        <testcase name="it updates password successfully" file="tests/Feature/UserDetailsControllerTest.php::it updates password successfully" class="Tests\Feature\UserDetailsControllerTest" classname="Tests.Feature.UserDetailsControllerTest" assertions="3" time="0.258248"/>
        <testcase name="it returns error when current password is incorrect" file="tests/Feature/UserDetailsControllerTest.php::it returns error when current password is incorrect" class="Tests\Feature\UserDetailsControllerTest" classname="Tests.Feature.UserDetailsControllerTest" assertions="2" time="0.253813"/>
        <testcase name="it retrieves user tickets successfully" file="tests/Feature/UserDetailsControllerTest.php::it retrieves user tickets successfully" class="Tests\Feature\UserDetailsControllerTest" classname="Tests.Feature.UserDetailsControllerTest" assertions="3" time="0.302425"/>
        <testcase name="it returns error when user has no tickets" file="tests/Feature/UserDetailsControllerTest.php::it returns error when user has no tickets" class="Tests\Feature\UserDetailsControllerTest" classname="Tests.Feature.UserDetailsControllerTest" assertions="2" time="0.343386"/>
      </testsuite>
    </testsuite>
  </testsuite>
</testsuites>
